// Jest Snapshot v1, https://goo.gl/fbAQLP

exports[`src/Other.js renders the Other page 1`] = `
<div>
  <h1>
    Router Some Other Page
  </h1>
  <ul>
    <li>
      <strong>
        Pathname
      </strong>
      : 
      /somewhereElse
    </li>
  </ul>
</div>
`;
